[2026-07-07 08:32:11,730] main-instance/INFO/locust.main: Starting Locust 2.44.4
Type     Name                                                                          # reqs      # fails |    Avg     Min     Max    Med |   req/s  failures/s
--------|----------------------------------------------------------------------------|-------|-------------|-------|-------|-------|-------|--------|-----------
--------|----------------------------------------------------------------------------|-------|-------------|-------|-------|-------|-------|--------|-----------
         Aggregated                                                                         0     0(0.00%) |      0       0       0      0 |    0.00        0.00

[2026-07-07 08:32:13,081] main-instance/INFO/locust.runners: main-instance_84377cf131bd4d2ba0c9b08431946c05 (index 0) reported as ready. 1 workers connected.
[2026-07-07 08:32:13,113] main-instance/INFO/locust.runners: main-instance_c332c5d44f0044f7ba24f18210e98d00 (index 1) reported as ready. 2 workers connected.
[2026-07-07 08:32:13,126] main-instance/INFO/locust.runners: main-instance_806076ebf06b45c39758a34176b6a91d (index 2) reported as ready. 3 workers connected.
[2026-07-07 08:32:13,126] main-instance/INFO/locust.runners: main-instance_73dc7f2028de43af94bb41583a956f06 (index 3) reported as ready. 4 workers connected.
Type     Name                                                                          # reqs      # fails |    Avg     Min     Max    Med |   req/s  failures/s
--------|----------------------------------------------------------------------------|-------|-------------|-------|-------|-------|-------|--------|-----------
--------|----------------------------------------------------------------------------|-------|-------------|-------|-------|-------|-------|--------|-----------
         Aggregated                                                                         0     0(0.00%) |      0       0       0      0 |    0.00        0.00

[2026-07-07 08:32:13,750] main-instance/INFO/locust.runners: Shape test starting.
[2026-07-07 08:32:13,750] main-instance/INFO/locust.runners: Shape worker starting
[2026-07-07 08:32:13,750] main-instance/INFO/locust.runners: Shape test updating to 100 users at 20.00 spawn rate
[2026-07-07 08:32:13,750] main-instance/INFO/locust.runners: Sending spawn jobs of 100 users at 20.00 spawn rate to 4 ready workers
Type     Name                                                                          # reqs      # fails |    Avg     Min     Max    Med |   req/s  failures/s
--------|----------------------------------------------------------------------------|-------|-------------|-------|-------|-------|-------|--------|-----------
--------|----------------------------------------------------------------------------|-------|-------------|-------|-------|-------|-------|--------|-----------
         Aggregated                                                                         0     0(0.00%) |      0       0       0      0 |    0.00        0.00

Type     Name                                                                          # reqs      # fails |    Avg     Min     Max    Med |   req/s  failures/s
--------|----------------------------------------------------------------------------|-------|-------------|-------|-------|-------|-------|--------|-----------
Kafka    Produce_Ad_Log                                                                   120     0(0.00%) |      1       0      43      0 |    0.00        0.00
--------|----------------------------------------------------------------------------|-------|-------------|-------|-------|-------|-------|--------|-----------
         Aggregated                                                                       120     0(0.00%) |      1       0      43      0 |    0.00        0.00

[2026-07-07 08:32:17,859] main-instance/INFO/locust.runners: All users spawned: {"KafkaUser": 100} (100 total users)
Type     Name                                                                          # reqs      # fails |    Avg     Min     Max    Med |   req/s  failures/s
--------|----------------------------------------------------------------------------|-------|-------------|-------|-------|-------|-------|--------|-----------
Kafka    Produce_Ad_Log                                                                   400     0(0.00%) |      0       0      43      0 |   40.00        0.00
--------|----------------------------------------------------------------------------|-------|-------------|-------|-------|-------|-------|--------|-----------
         Aggregated                                                                       400     0(0.00%) |      0       0      43      0 |   40.00        0.00

Type     Name                                                                          # reqs      # fails |    Avg     Min     Max    Med |   req/s  failures/s
--------|----------------------------------------------------------------------------|-------|-------------|-------|-------|-------|-------|--------|-----------
Kafka    Produce_Ad_Log                                                                   400     0(0.00%) |      0       0      43      0 |   40.00        0.00
--------|----------------------------------------------------------------------------|-------|-------------|-------|-------|-------|-------|--------|-----------
         Aggregated                                                                       400     0(0.00%) |      0       0      43      0 |   40.00        0.00

Type     Name                                                                          # reqs      # fails |    Avg     Min     Max    Med |   req/s  failures/s
--------|----------------------------------------------------------------------------|-------|-------------|-------|-------|-------|-------|--------|-----------
Kafka    Produce_Ad_Log                                                                   700     0(0.00%) |      0       0      43      0 |   66.67        0.00
--------|----------------------------------------------------------------------------|-------|-------------|-------|-------|-------|-------|--------|-----------
         Aggregated                                                                       700     0(0.00%) |      0       0      43      0 |   66.67        0.00

Type     Name                                                                          # reqs      # fails |    Avg     Min     Max    Med |   req/s  failures/s
--------|----------------------------------------------------------------------------|-------|-------------|-------|-------|-------|-------|--------|-----------
Kafka    Produce_Ad_Log                                                                  1000     0(0.00%) |      0       0      43      0 |   77.78        0.00
--------|----------------------------------------------------------------------------|-------|-------------|-------|-------|-------|-------|--------|-----------
         Aggregated                                                                      1000     0(0.00%) |      0       0      43      0 |   77.78        0.00

Type     Name                                                                          # reqs      # fails |    Avg     Min     Max    Med |   req/s  failures/s
--------|----------------------------------------------------------------------------|-------|-------------|-------|-------|-------|-------|--------|-----------
Kafka    Produce_Ad_Log                                                                  1000     0(0.00%) |      0       0      43      0 |   77.78        0.00
--------|----------------------------------------------------------------------------|-------|-------------|-------|-------|-------|-------|--------|-----------
         Aggregated                                                                      1000     0(0.00%) |      0       0      43      0 |   77.78        0.00

Type     Name                                                                          # reqs      # fails |    Avg     Min     Max    Med |   req/s  failures/s
--------|----------------------------------------------------------------------------|-------|-------------|-------|-------|-------|-------|--------|-----------
Kafka    Produce_Ad_Log                                                                  1300     0(0.00%) |      0       0      43      0 |   94.00        0.00
--------|----------------------------------------------------------------------------|-------|-------------|-------|-------|-------|-------|--------|-----------
         Aggregated                                                                      1300     0(0.00%) |      0       0      43      0 |   94.00        0.00

Type     Name                                                                          # reqs      # fails |    Avg     Min     Max    Med |   req/s  failures/s
--------|----------------------------------------------------------------------------|-------|-------------|-------|-------|-------|-------|--------|-----------
Kafka    Produce_Ad_Log                                                                  1600     0(0.00%) |      0       0      43      0 |  100.00        0.00
--------|----------------------------------------------------------------------------|-------|-------------|-------|-------|-------|-------|--------|-----------
         Aggregated                                                                      1600     0(0.00%) |      0       0      43      0 |  100.00        0.00

Type     Name                                                                          # reqs      # fails |    Avg     Min     Max    Med |   req/s  failures/s
--------|----------------------------------------------------------------------------|-------|-------------|-------|-------|-------|-------|--------|-----------
Kafka    Produce_Ad_Log                                                                  1600     0(0.00%) |      0       0      43      0 |  100.00        0.00
--------|----------------------------------------------------------------------------|-------|-------------|-------|-------|-------|-------|--------|-----------
         Aggregated                                                                      1600     0(0.00%) |      0       0      43      0 |  100.00        0.00

Type     Name                                                                          # reqs      # fails |    Avg     Min     Max    Med |   req/s  failures/s
--------|----------------------------------------------------------------------------|-------|-------------|-------|-------|-------|-------|--------|-----------
Kafka    Produce_Ad_Log                                                                  1900     0(0.00%) |      0       0      43      0 |  100.00        0.00
--------|----------------------------------------------------------------------------|-------|-------------|-------|-------|-------|-------|--------|-----------
         Aggregated                                                                      1900     0(0.00%) |      0       0      43      0 |  100.00        0.00

Type     Name                                                                          # reqs      # fails |    Avg     Min     Max    Med |   req/s  failures/s
--------|----------------------------------------------------------------------------|-------|-------------|-------|-------|-------|-------|--------|-----------
Kafka    Produce_Ad_Log                                                                  2200     0(0.00%) |      0       0      43      0 |  100.00        0.00
--------|----------------------------------------------------------------------------|-------|-------------|-------|-------|-------|-------|--------|-----------
         Aggregated                                                                      2200     0(0.00%) |      0       0      43      0 |  100.00        0.00

Type     Name                                                                          # reqs      # fails |    Avg     Min     Max    Med |   req/s  failures/s
--------|----------------------------------------------------------------------------|-------|-------------|-------|-------|-------|-------|--------|-----------
Kafka    Produce_Ad_Log                                                                  2200     0(0.00%) |      0       0      43      0 |  100.00        0.00
--------|----------------------------------------------------------------------------|-------|-------------|-------|-------|-------|-------|--------|-----------
         Aggregated                                                                      2200     0(0.00%) |      0       0      43      0 |  100.00        0.00

Type     Name                                                                          # reqs      # fails |    Avg     Min     Max    Med |   req/s  failures/s
--------|----------------------------------------------------------------------------|-------|-------------|-------|-------|-------|-------|--------|-----------
Kafka    Produce_Ad_Log                                                                  2500     0(0.00%) |      0       0      43      0 |  100.00        0.00
--------|----------------------------------------------------------------------------|-------|-------------|-------|-------|-------|-------|--------|-----------
         Aggregated                                                                      2500     0(0.00%) |      0       0      43      0 |  100.00        0.00

Type     Name                                                                          # reqs      # fails |    Avg     Min     Max    Med |   req/s  failures/s
--------|----------------------------------------------------------------------------|-------|-------------|-------|-------|-------|-------|--------|-----------
Kafka    Produce_Ad_Log                                                                  2800     0(0.00%) |      0       0      43      0 |  100.00        0.00
--------|----------------------------------------------------------------------------|-------|-------------|-------|-------|-------|-------|--------|-----------
         Aggregated                                                                      2800     0(0.00%) |      0       0      43      0 |  100.00        0.00

[2026-07-07 08:32:43,882] main-instance/INFO/locust.runners: Shape test updating to 3000 users at 500.00 spawn rate
[2026-07-07 08:32:43,882] main-instance/INFO/locust.runners: Sending spawn jobs of 3000 users at 500.00 spawn rate to 4 ready workers
[2026-07-07 08:32:43,882] main-instance/WARNING/locust.runners: Your selected spawn rate is very high (>100/worker), and this is known to sometimes cause issues. Do you really need to ramp up that fast?
Type     Name                                                                          # reqs      # fails |    Avg     Min     Max    Med |   req/s  failures/s
--------|----------------------------------------------------------------------------|-------|-------------|-------|-------|-------|-------|--------|-----------
Kafka    Produce_Ad_Log                                                                  2800     0(0.00%) |      0       0      43      0 |  100.00        0.00
--------|----------------------------------------------------------------------------|-------|-------------|-------|-------|-------|-------|--------|-----------
         Aggregated                                                                      2800     0(0.00%) |      0       0      43      0 |  100.00        0.00

Type     Name                                                                          # reqs      # fails |    Avg     Min     Max    Med |   req/s  failures/s
--------|----------------------------------------------------------------------------|-------|-------------|-------|-------|-------|-------|--------|-----------
Kafka    Produce_Ad_Log                                                                  6100     0(0.00%) |      0       0      43      0 |   99.20        0.00
--------|----------------------------------------------------------------------------|-------|-------------|-------|-------|-------|-------|--------|-----------
         Aggregated                                                                      6100     0(0.00%) |      0       0      43      0 |   99.20        0.00

[2026-07-07 08:32:48,983] main-instance/INFO/locust.runners: All users spawned: {"KafkaUser": 3000} (3000 total users)
Type     Name                                                                          # reqs      # fails |    Avg     Min     Max    Med |   req/s  failures/s
--------|----------------------------------------------------------------------------|-------|-------------|-------|-------|-------|-------|--------|-----------
Kafka    Produce_Ad_Log                                                                 13800     0(0.00%) |      0       0      43      0 |  430.60        0.00
--------|----------------------------------------------------------------------------|-------|-------------|-------|-------|-------|-------|--------|-----------
         Aggregated                                                                     13800     0(0.00%) |      0       0      43      0 |  430.60        0.00

Type     Name                                                                          # reqs      # fails |    Avg     Min     Max    Med |   req/s  failures/s
--------|----------------------------------------------------------------------------|-------|-------------|-------|-------|-------|-------|--------|-----------
Kafka    Produce_Ad_Log                                                                 13800     0(0.00%) |      0       0      43      0 |  430.60        0.00
--------|----------------------------------------------------------------------------|-------|-------------|-------|-------|-------|-------|--------|-----------
         Aggregated                                                                     13800     0(0.00%) |      0       0      43      0 |  430.60        0.00

Type     Name                                                                          # reqs      # fails |    Avg     Min     Max    Med |   req/s  failures/s
--------|----------------------------------------------------------------------------|-------|-------------|-------|-------|-------|-------|--------|-----------
Kafka    Produce_Ad_Log                                                                 22800     0(0.00%) |      0       0      43      0 | 1243.80        0.00
--------|----------------------------------------------------------------------------|-------|-------------|-------|-------|-------|-------|--------|-----------
         Aggregated                                                                     22800     0(0.00%) |      0       0      43      0 | 1243.80        0.00

Type     Name                                                                          # reqs      # fails |    Avg     Min     Max    Med |   req/s  failures/s
--------|----------------------------------------------------------------------------|-------|-------------|-------|-------|-------|-------|--------|-----------
Kafka    Produce_Ad_Log                                                                 31617     0(0.00%) |      0       0      43      0 | 2087.90        0.00
--------|----------------------------------------------------------------------------|-------|-------------|-------|-------|-------|-------|--------|-----------
         Aggregated                                                                     31617     0(0.00%) |      0       0      43      0 | 2087.90        0.00

Type     Name                                                                          # reqs      # fails |    Avg     Min     Max    Med |   req/s  failures/s
--------|----------------------------------------------------------------------------|-------|-------------|-------|-------|-------|-------|--------|-----------
Kafka    Produce_Ad_Log                                                                 31617     0(0.00%) |      0       0      43      0 | 2087.90        0.00
--------|----------------------------------------------------------------------------|-------|-------------|-------|-------|-------|-------|--------|-----------
         Aggregated                                                                     31617     0(0.00%) |      0       0      43      0 | 2087.90        0.00

Type     Name                                                                          # reqs      # fails |    Avg     Min     Max    Med |   req/s  failures/s
--------|----------------------------------------------------------------------------|-------|-------------|-------|-------|-------|-------|--------|-----------
Kafka    Produce_Ad_Log                                                                 40591     0(0.00%) |      0       0      43      0 | 2775.20        0.00
--------|----------------------------------------------------------------------------|-------|-------------|-------|-------|-------|-------|--------|-----------
         Aggregated                                                                     40591     0(0.00%) |      0       0      43      0 | 2775.20        0.00

Type     Name                                                                          # reqs      # fails |    Avg     Min     Max    Med |   req/s  failures/s
--------|----------------------------------------------------------------------------|-------|-------------|-------|-------|-------|-------|--------|-----------
Kafka    Produce_Ad_Log                                                                 49571     0(0.00%) |      0       0      43      0 | 2947.10        0.00
--------|----------------------------------------------------------------------------|-------|-------------|-------|-------|-------|-------|--------|-----------
         Aggregated                                                                     49571     0(0.00%) |      0       0      43      0 | 2947.10        0.00

Type     Name                                                                          # reqs      # fails |    Avg     Min     Max    Med |   req/s  failures/s
--------|----------------------------------------------------------------------------|-------|-------------|-------|-------|-------|-------|--------|-----------
Kafka    Produce_Ad_Log                                                                 49571     0(0.00%) |      0       0      43      0 | 2947.10        0.00
--------|----------------------------------------------------------------------------|-------|-------------|-------|-------|-------|-------|--------|-----------
         Aggregated                                                                     49571     0(0.00%) |      0       0      43      0 | 2947.10        0.00

Type     Name                                                                          # reqs      # fails |    Avg     Min     Max    Med |   req/s  failures/s
--------|----------------------------------------------------------------------------|-------|-------------|-------|-------|-------|-------|--------|-----------
Kafka    Produce_Ad_Log                                                                 58565     0(0.00%) |      0       0      43      0 | 2956.80        0.00
--------|----------------------------------------------------------------------------|-------|-------------|-------|-------|-------|-------|--------|-----------
         Aggregated                                                                     58565     0(0.00%) |      0       0      43      0 | 2956.80        0.00

Type     Name                                                                          # reqs      # fails |    Avg     Min     Max    Med |   req/s  failures/s
--------|----------------------------------------------------------------------------|-------|-------------|-------|-------|-------|-------|--------|-----------
Kafka    Produce_Ad_Log                                                                 67565     0(0.00%) |      0       0      43      0 | 2967.80        0.00
--------|----------------------------------------------------------------------------|-------|-------------|-------|-------|-------|-------|--------|-----------
         Aggregated                                                                     67565     0(0.00%) |      0       0      43      0 | 2967.80        0.00

Type     Name                                                                          # reqs      # fails |    Avg     Min     Max    Med |   req/s  failures/s
--------|----------------------------------------------------------------------------|-------|-------------|-------|-------|-------|-------|--------|-----------
Kafka    Produce_Ad_Log                                                                 67565     0(0.00%) |      0       0      43      0 | 2967.80        0.00
--------|----------------------------------------------------------------------------|-------|-------------|-------|-------|-------|-------|--------|-----------
         Aggregated                                                                     67565     0(0.00%) |      0       0      43      0 | 2967.80        0.00

Type     Name                                                                          # reqs      # fails |    Avg     Min     Max    Med |   req/s  failures/s
--------|----------------------------------------------------------------------------|-------|-------------|-------|-------|-------|-------|--------|-----------
Kafka    Produce_Ad_Log                                                                 76550     0(0.00%) |      0       0      43      0 | 2963.40        0.00
--------|----------------------------------------------------------------------------|-------|-------------|-------|-------|-------|-------|--------|-----------
         Aggregated                                                                     76550     0(0.00%) |      0       0      43      0 | 2963.30        0.00

Type     Name                                                                          # reqs      # fails |    Avg     Min     Max    Med |   req/s  failures/s
--------|----------------------------------------------------------------------------|-------|-------------|-------|-------|-------|-------|--------|-----------
Kafka    Produce_Ad_Log                                                                 85523     0(0.00%) |      0       0      43      0 | 2956.00        0.00
--------|----------------------------------------------------------------------------|-------|-------------|-------|-------|-------|-------|--------|-----------
         Aggregated                                                                     85523     0(0.00%) |      0       0      43      0 | 2956.00        0.00

[2026-07-07 08:33:14,002] main-instance/INFO/locust.runners: Shape test updating to 100 users at 50.00 spawn rate
[2026-07-07 08:33:14,002] main-instance/INFO/locust.runners: Sending spawn jobs of 100 users at 50.00 spawn rate to 4 ready workers
Type     Name                                                                          # reqs      # fails |    Avg     Min     Max    Med |   req/s  failures/s
--------|----------------------------------------------------------------------------|-------|-------------|-------|-------|-------|-------|--------|-----------
Kafka    Produce_Ad_Log                                                                 85523     0(0.00%) |      0       0      43      0 | 2956.00        0.00
--------|----------------------------------------------------------------------------|-------|-------------|-------|-------|-------|-------|--------|-----------
         Aggregated                                                                     85523     0(0.00%) |      0       0      43      0 | 2956.00        0.00

Type     Name                                                                          # reqs      # fails |    Avg     Min     Max    Med |   req/s  failures/s
--------|----------------------------------------------------------------------------|-------|-------------|-------|-------|-------|-------|--------|-----------
Kafka    Produce_Ad_Log                                                                 92073     0(0.00%) |      0       0      43      0 | 2963.50        0.00
--------|----------------------------------------------------------------------------|-------|-------------|-------|-------|-------|-------|--------|-----------
         Aggregated                                                                     92073     0(0.00%) |      0       0      43      0 | 2963.40        0.00

Type     Name                                                                          # reqs      # fails |    Avg     Min     Max    Med |   req/s  failures/s
--------|----------------------------------------------------------------------------|-------|-------------|-------|-------|-------|-------|--------|-----------
Kafka    Produce_Ad_Log                                                                100412     0(0.00%) |      0       0      43      0 | 2944.30        0.00
--------|----------------------------------------------------------------------------|-------|-------------|-------|-------|-------|-------|--------|-----------
         Aggregated                                                                    100412     0(0.00%) |      0       0      43      0 | 2944.30        0.00

Type     Name                                                                          # reqs      # fails |    Avg     Min     Max    Med |   req/s  failures/s
--------|----------------------------------------------------------------------------|-------|-------------|-------|-------|-------|-------|--------|-----------
Kafka    Produce_Ad_Log                                                                100412     0(0.00%) |      0       0      43      0 | 2944.30        0.00
--------|----------------------------------------------------------------------------|-------|-------------|-------|-------|-------|-------|--------|-----------
         Aggregated                                                                    100412     0(0.00%) |      0       0      43      0 | 2944.30        0.00

Type     Name                                                                          # reqs      # fails |    Avg     Min     Max    Med |   req/s  failures/s
--------|----------------------------------------------------------------------------|-------|-------------|-------|-------|-------|-------|--------|-----------
Kafka    Produce_Ad_Log                                                                108307     0(0.00%) |      0       0      43      0 | 2879.50        0.00
--------|----------------------------------------------------------------------------|-------|-------------|-------|-------|-------|-------|--------|-----------
         Aggregated                                                                    108307     0(0.00%) |      0       0      43      0 | 2879.50        0.00

Type     Name                                                                          # reqs      # fails |    Avg     Min     Max    Med |   req/s  failures/s
--------|----------------------------------------------------------------------------|-------|-------------|-------|-------|-------|-------|--------|-----------
Kafka    Produce_Ad_Log                                                                115731     0(0.00%) |      0       0      43      0 | 2775.10        0.00
--------|----------------------------------------------------------------------------|-------|-------------|-------|-------|-------|-------|--------|-----------
         Aggregated                                                                    115731     0(0.00%) |      0       0      43      0 | 2775.10        0.00

Type     Name                                                                          # reqs      # fails |    Avg     Min     Max    Med |   req/s  failures/s
--------|----------------------------------------------------------------------------|-------|-------------|-------|-------|-------|-------|--------|-----------
Kafka    Produce_Ad_Log                                                                115731     0(0.00%) |      0       0      43      0 | 2775.10        0.00
--------|----------------------------------------------------------------------------|-------|-------------|-------|-------|-------|-------|--------|-----------
         Aggregated                                                                    115731     0(0.00%) |      0       0      43      0 | 2775.10        0.00

Type     Name                                                                          # reqs      # fails |    Avg     Min     Max    Med |   req/s  failures/s
--------|----------------------------------------------------------------------------|-------|-------------|-------|-------|-------|-------|--------|-----------
Kafka    Produce_Ad_Log                                                                122777     0(0.00%) |      0       0      43      0 | 2624.30        0.00
--------|----------------------------------------------------------------------------|-------|-------------|-------|-------|-------|-------|--------|-----------
         Aggregated                                                                    122777     0(0.00%) |      0       0      43      0 | 2624.30        0.00

Type     Name                                                                          # reqs      # fails |    Avg     Min     Max    Med |   req/s  failures/s
--------|----------------------------------------------------------------------------|-------|-------------|-------|-------|-------|-------|--------|-----------
Kafka    Produce_Ad_Log                                                                129370     0(0.00%) |      0       0      43      0 | 2476.50        0.00
--------|----------------------------------------------------------------------------|-------|-------------|-------|-------|-------|-------|--------|-----------
         Aggregated                                                                    129370     0(0.00%) |      0       0      43      0 | 2476.50        0.00

Type     Name                                                                          # reqs      # fails |    Avg     Min     Max    Med |   req/s  failures/s
--------|----------------------------------------------------------------------------|-------|-------------|-------|-------|-------|-------|--------|-----------
Kafka    Produce_Ad_Log                                                                129370     0(0.00%) |      0       0      43      0 | 2476.50        0.00
--------|----------------------------------------------------------------------------|-------|-------------|-------|-------|-------|-------|--------|-----------
         Aggregated                                                                    129370     0(0.00%) |      0       0      43      0 | 2476.50        0.00

Type     Name                                                                          # reqs      # fails |    Avg     Min     Max    Med |   req/s  failures/s
--------|----------------------------------------------------------------------------|-------|-------------|-------|-------|-------|-------|--------|-----------
Kafka    Produce_Ad_Log                                                                135475     0(0.00%) |      0       0      43      0 | 2327.60        0.00
--------|----------------------------------------------------------------------------|-------|-------------|-------|-------|-------|-------|--------|-----------
         Aggregated                                                                    135475     0(0.00%) |      0       0      43      0 | 2327.60        0.00

Type     Name                                                                          # reqs      # fails |    Avg     Min     Max    Med |   req/s  failures/s
--------|----------------------------------------------------------------------------|-------|-------------|-------|-------|-------|-------|--------|-----------
Kafka    Produce_Ad_Log                                                                141173     0(0.00%) |      0       0      43      0 | 2178.40        0.00
--------|----------------------------------------------------------------------------|-------|-------------|-------|-------|-------|-------|--------|-----------
         Aggregated                                                                    141173     0(0.00%) |      0       0      43      0 | 2178.40        0.00

Type     Name                                                                          # reqs      # fails |    Avg     Min     Max    Med |   req/s  failures/s
--------|----------------------------------------------------------------------------|-------|-------------|-------|-------|-------|-------|--------|-----------
Kafka    Produce_Ad_Log                                                                141173     0(0.00%) |      0       0      43      0 | 2178.40        0.00
--------|----------------------------------------------------------------------------|-------|-------------|-------|-------|-------|-------|--------|-----------
         Aggregated                                                                    141173     0(0.00%) |      0       0      43      0 | 2178.40        0.00

Type     Name                                                                          # reqs      # fails |    Avg     Min     Max    Med |   req/s  failures/s
--------|----------------------------------------------------------------------------|-------|-------------|-------|-------|-------|-------|--------|-----------
Kafka    Produce_Ad_Log                                                                146406     0(0.00%) |      0       0      43      0 | 2028.60        0.00
--------|----------------------------------------------------------------------------|-------|-------------|-------|-------|-------|-------|--------|-----------
         Aggregated                                                                    146406     0(0.00%) |      0       0      43      0 | 2028.60        0.00

Type     Name                                                                          # reqs      # fails |    Avg     Min     Max    Med |   req/s  failures/s
--------|----------------------------------------------------------------------------|-------|-------------|-------|-------|-------|-------|--------|-----------
Kafka    Produce_Ad_Log                                                                151206     0(0.00%) |      0       0      43      0 | 1878.30        0.00
--------|----------------------------------------------------------------------------|-------|-------------|-------|-------|-------|-------|--------|-----------
         Aggregated                                                                    151206     0(0.00%) |      0       0      43      0 | 1878.30        0.00

Type     Name                                                                          # reqs      # fails |    Avg     Min     Max    Med |   req/s  failures/s
--------|----------------------------------------------------------------------------|-------|-------------|-------|-------|-------|-------|--------|-----------
Kafka    Produce_Ad_Log                                                                151206     0(0.00%) |      0       0      43      0 | 1878.30        0.00
--------|----------------------------------------------------------------------------|-------|-------------|-------|-------|-------|-------|--------|-----------
         Aggregated                                                                    151206     0(0.00%) |      0       0      43      0 | 1878.30        0.00

Type     Name                                                                          # reqs      # fails |    Avg     Min     Max    Med |   req/s  failures/s
--------|----------------------------------------------------------------------------|-------|-------------|-------|-------|-------|-------|--------|-----------
Kafka    Produce_Ad_Log                                                                155556     0(0.00%) |      0       0      43      0 | 1727.60        0.00
--------|----------------------------------------------------------------------------|-------|-------------|-------|-------|-------|-------|--------|-----------
         Aggregated                                                                    155556     0(0.00%) |      0       0      43      0 | 1727.60        0.00

Type     Name                                                                          # reqs      # fails |    Avg     Min     Max    Med |   req/s  failures/s
--------|----------------------------------------------------------------------------|-------|-------------|-------|-------|-------|-------|--------|-----------
Kafka    Produce_Ad_Log                                                                159456     0(0.00%) |      0       0      43      0 | 1576.10        0.00
--------|----------------------------------------------------------------------------|-------|-------------|-------|-------|-------|-------|--------|-----------
         Aggregated                                                                    159456     0(0.00%) |      0       0      43      0 | 1576.10        0.00

Type     Name                                                                          # reqs      # fails |    Avg     Min     Max    Med |   req/s  failures/s
--------|----------------------------------------------------------------------------|-------|-------------|-------|-------|-------|-------|--------|-----------
Kafka    Produce_Ad_Log                                                                159456     0(0.00%) |      0       0      43      0 | 1576.10        0.00
--------|----------------------------------------------------------------------------|-------|-------------|-------|-------|-------|-------|--------|-----------
         Aggregated                                                                    159456     0(0.00%) |      0       0      43      0 | 1576.10        0.00

Type     Name                                                                          # reqs      # fails |    Avg     Min     Max    Med |   req/s  failures/s
--------|----------------------------------------------------------------------------|-------|-------------|-------|-------|-------|-------|--------|-----------
Kafka    Produce_Ad_Log                                                                162898     0(0.00%) |      0       0      43      0 | 1475.60        0.00
--------|----------------------------------------------------------------------------|-------|-------------|-------|-------|-------|-------|--------|-----------
         Aggregated                                                                    162898     0(0.00%) |      0       0      43      0 | 1475.60        0.00

Type     Name                                                                          # reqs      # fails |    Avg     Min     Max    Med |   req/s  failures/s
--------|----------------------------------------------------------------------------|-------|-------------|-------|-------|-------|-------|--------|-----------
Kafka    Produce_Ad_Log                                                                165898     0(0.00%) |      0       0      43      0 | 1325.50        0.00
--------|----------------------------------------------------------------------------|-------|-------------|-------|-------|-------|-------|--------|-----------
         Aggregated                                                                    165898     0(0.00%) |      0       0      43      0 | 1325.50        0.00

Type     Name                                                                          # reqs      # fails |    Avg     Min     Max    Med |   req/s  failures/s
--------|----------------------------------------------------------------------------|-------|-------------|-------|-------|-------|-------|--------|-----------
Kafka    Produce_Ad_Log                                                                165898     0(0.00%) |      0       0      43      0 | 1325.50        0.00
--------|----------------------------------------------------------------------------|-------|-------------|-------|-------|-------|-------|--------|-----------
         Aggregated                                                                    165898     0(0.00%) |      0       0      43      0 | 1325.50        0.00

Type     Name                                                                          # reqs      # fails |    Avg     Min     Max    Med |   req/s  failures/s
--------|----------------------------------------------------------------------------|-------|-------------|-------|-------|-------|-------|--------|-----------
Kafka    Produce_Ad_Log                                                                168448     0(0.00%) |      0       0      43      0 | 1175.40        0.00
--------|----------------------------------------------------------------------------|-------|-------------|-------|-------|-------|-------|--------|-----------
         Aggregated                                                                    168448     0(0.00%) |      0       0      43      0 | 1175.40        0.00

Type     Name                                                                          # reqs      # fails |    Avg     Min     Max    Med |   req/s  failures/s
--------|----------------------------------------------------------------------------|-------|-------------|-------|-------|-------|-------|--------|-----------
Kafka    Produce_Ad_Log                                                                170548     0(0.00%) |      0       0      43      0 | 1025.40        0.00
--------|----------------------------------------------------------------------------|-------|-------------|-------|-------|-------|-------|--------|-----------
         Aggregated                                                                    170548     0(0.00%) |      0       0      43      0 | 1025.40        0.00

Type     Name                                                                          # reqs      # fails |    Avg     Min     Max    Med |   req/s  failures/s
--------|----------------------------------------------------------------------------|-------|-------------|-------|-------|-------|-------|--------|-----------
Kafka    Produce_Ad_Log                                                                170548     0(0.00%) |      0       0      43      0 | 1025.40        0.00
--------|----------------------------------------------------------------------------|-------|-------------|-------|-------|-------|-------|--------|-----------
         Aggregated                                                                    170548     0(0.00%) |      0       0      43      0 | 1025.40        0.00

Type     Name                                                                          # reqs      # fails |    Avg     Min     Max    Med |   req/s  failures/s
--------|----------------------------------------------------------------------------|-------|-------------|-------|-------|-------|-------|--------|-----------
Kafka    Produce_Ad_Log                                                                172198     0(0.00%) |      0       0      43      0 |  824.50        0.00
--------|----------------------------------------------------------------------------|-------|-------------|-------|-------|-------|-------|--------|-----------
         Aggregated                                                                    172198     0(0.00%) |      0       0      43      0 |  824.50        0.00

Type     Name                                                                          # reqs      # fails |    Avg     Min     Max    Med |   req/s  failures/s
--------|----------------------------------------------------------------------------|-------|-------------|-------|-------|-------|-------|--------|-----------
Kafka    Produce_Ad_Log                                                                173398     0(0.00%) |      0       0      43      0 |  674.70        0.00
--------|----------------------------------------------------------------------------|-------|-------------|-------|-------|-------|-------|--------|-----------
         Aggregated                                                                    173398     0(0.00%) |      0       0      43      0 |  674.70        0.00

Type     Name                                                                          # reqs      # fails |    Avg     Min     Max    Med |   req/s  failures/s
--------|----------------------------------------------------------------------------|-------|-------------|-------|-------|-------|-------|--------|-----------
Kafka    Produce_Ad_Log                                                                173398     0(0.00%) |      0       0      43      0 |  674.70        0.00
--------|----------------------------------------------------------------------------|-------|-------------|-------|-------|-------|-------|--------|-----------
         Aggregated                                                                    173398     0(0.00%) |      0       0      43      0 |  674.70        0.00

[2026-07-07 08:34:11,146] main-instance/INFO/locust.runners: All users spawned: {"KafkaUser": 100} (100 total users)
[2026-07-07 08:34:11,146] main-instance/INFO/locust.runners: Shape test stopping
[2026-07-07 08:34:11,177] main-instance/INFO/locust.runners: Worker 'main-instance_806076ebf06b45c39758a34176b6a91d' (index 2) quit. 0 workers ready.
[2026-07-07 08:34:11,178] main-instance/INFO/locust.runners: Worker 'main-instance_c332c5d44f0044f7ba24f18210e98d00' (index 1) quit. 0 workers ready.
[2026-07-07 08:34:11,179] main-instance/INFO/locust.runners: Worker 'main-instance_84377cf131bd4d2ba0c9b08431946c05' (index 0) quit. 0 workers ready.
[2026-07-07 08:34:11,179] main-instance/INFO/locust.runners: Worker 'main-instance_73dc7f2028de43af94bb41583a956f06' (index 3) quit. 0 workers ready.
[2026-07-07 08:34:11,179] main-instance/INFO/locust.runners: The last worker quit, stopping test.
[2026-07-07 08:34:11,648] main-instance/INFO/locust.main: Shape test completed, shutting down
Type     Name                                                                          # reqs      # fails |    Avg     Min     Max    Med |   req/s  failures/s
--------|----------------------------------------------------------------------------|-------|-------------|-------|-------|-------|-------|--------|-----------
Kafka    Produce_Ad_Log                                                                174298     0(0.00%) |      0       0      43      0 |  474.70        0.00
--------|----------------------------------------------------------------------------|-------|-------------|-------|-------|-------|-------|--------|-----------
         Aggregated                                                                    174298     0(0.00%) |      0       0      43      0 |  474.70        0.00

[2026-07-07 08:34:12,649] main-instance/INFO/locust.main: Shutting down (exit code 0)
Type     Name                                                                          # reqs      # fails |    Avg     Min     Max    Med |   req/s  failures/s
--------|----------------------------------------------------------------------------|-------|-------------|-------|-------|-------|-------|--------|-----------
Kafka    Produce_Ad_Log                                                                174298     0(0.00%) |      0       0      43      0 | 1486.35        0.00
--------|----------------------------------------------------------------------------|-------|-------------|-------|-------|-------|-------|--------|-----------
         Aggregated                                                                    174298     0(0.00%) |      0       0      43      0 | 1486.35        0.00

Response time percentiles (approximated)
Type     Name                                                                                  50%    66%    75%    80%    90%    95%    98%    99%  99.9% 99.99%   100% # reqs
--------|--------------------------------------------------------------------------------|--------|------|------|------|------|------|------|------|------|------|------|------
Kafka    Produce_Ad_Log                                                                          0      0      0      0      0      0      0      0      1      6     44 174298
--------|--------------------------------------------------------------------------------|--------|------|------|------|------|------|------|------|------|------|------|------
         Aggregated                                                                              0      0      0      0      0      0      0      0      1      6     44 174298

producer start
127.0.0.1:19092, ad-stream-topic
