%3|1782368556.608|FAIL|rdkafka#producer-1| [thrd:127.0.0.1:19092/bootstrap]: 127.0.0.1:19092/bootstrap: Connect to ipv4#127.0.0.1:19092 failed: Connection refused (after 0ms in state CONNECT)
[2026-06-25 06:22:36,611] main-instance/INFO/locust.main: Starting Locust 2.44.3
[2026-06-25 06:22:36,611] main-instance/INFO/locust.runners: Shape test starting.
Type     Name                                                                          # reqs      # fails |    Avg     Min     Max    Med |   req/s  failures/s
--------|----------------------------------------------------------------------------|-------|-------------|-------|-------|-------|-------|--------|-----------
--------|----------------------------------------------------------------------------|-------|-------------|-------|-------|-------|-------|--------|-----------
         Aggregated                                                                         0     0(0.00%) |      0       0       0      0 |    0.00        0.00

[2026-06-25 06:22:36,612] main-instance/INFO/locust.runners: Shape worker starting
[2026-06-25 06:22:36,612] main-instance/INFO/locust.runners: Shape test updating to 100 users at 20.00 spawn rate
%3|1782368556.613|FAIL|rdkafka#producer-2| [thrd:127.0.0.1:19092/bootstrap]: 127.0.0.1:19092/bootstrap: Connect to ipv4#127.0.0.1:19092 failed: Connection refused (after 0ms in state CONNECT)
%3|1782368556.665|FAIL|rdkafka#producer-2| [thrd:127.0.0.1:19092/bootstrap]: 127.0.0.1:19092/bootstrap: Connect to ipv4#127.0.0.1:19092 failed: Connection refused (after 0ms in state CONNECT, 1 identical error(s) suppressed)
%3|1782368557.607|FAIL|rdkafka#producer-1| [thrd:127.0.0.1:19092/bootstrap]: 127.0.0.1:19092/bootstrap: Connect to ipv4#127.0.0.1:19092 failed: Connection refused (after 0ms in state CONNECT, 1 identical error(s) suppressed)
[2026-06-25 06:22:46,617] main-instance/ERROR/root: Uncaught exception in event handler: 
Traceback (most recent call last):
  File "/home/shinmj0110/ad-streamer/locust_env/lib/python3.11/site-packages/locust/event.py", line 47, in fire
    handler(**kwargs)
  File "/home/shinmj0110/ad-streamer/scripts/producer.py", line 52, in before_start
    reset_kafka_topic()
  File "/home/shinmj0110/ad-streamer/scripts/producer.py", line 25, in reset_kafka_topic
    metadata = admin_client.list_topics(timeout=10)
               ^^^^^^^^^^^^^^^^^^^^^^^^^^^^^^^^^^^^
  File "/home/shinmj0110/ad-streamer/locust_env/lib/python3.11/site-packages/confluent_kafka/admin/__init__.py", line 661, in list_topics
    return super(AdminClient, self).list_topics(*args, **kwargs)
           ^^^^^^^^^^^^^^^^^^^^^^^^^^^^^^^^^^^^^^^^^^^^^^^^^^^^^
cimpl.KafkaException: KafkaError{code=_TRANSPORT,val=-195,str="Failed to get metadata: Local: Broker transport failure"}

[2026-06-25 06:22:46,619] main-instance/INFO/locust.runners: Ramping to 100 users at a rate of 20.00 per second
Type     Name                                                                          # reqs      # fails |    Avg     Min     Max    Med |   req/s  failures/s
--------|----------------------------------------------------------------------------|-------|-------------|-------|-------|-------|-------|--------|-----------
Kafka    Produce_Ad_Log                                                                    45     0(0.00%) |      0       0       0      0 |    0.00        0.00
--------|----------------------------------------------------------------------------|-------|-------------|-------|-------|-------|-------|--------|-----------
         Aggregated                                                                        45     0(0.00%) |      0       0       0      0 |    0.00        0.00

Type     Name                                                                          # reqs      # fails |    Avg     Min     Max    Med |   req/s  failures/s
--------|----------------------------------------------------------------------------|-------|-------------|-------|-------|-------|-------|--------|-----------
Kafka    Produce_Ad_Log                                                                 58995     0(0.00%) |      0       0       0      0 |    0.00        0.00
--------|----------------------------------------------------------------------------|-------|-------------|-------|-------|-------|-------|--------|-----------
         Aggregated                                                                     58995     0(0.00%) |      0       0       0      0 |    0.00        0.00

[2026-06-25 06:22:50,628] main-instance/INFO/locust.runners: All users spawned: {"KafkaUser": 100} (100 total users)
Type     Name                                                                          # reqs      # fails |    Avg     Min     Max    Med |   req/s  failures/s
--------|----------------------------------------------------------------------------|-------|-------------|-------|-------|-------|-------|--------|-----------
Kafka    Produce_Ad_Log                                                                115395 15395(13.34%) |      0       0       0      0 | 3993.70        0.00
--------|----------------------------------------------------------------------------|-------|-------------|-------|-------|-------|-------|--------|-----------
         Aggregated                                                                    115395 15395(13.34%) |      0       0       0      0 | 3993.70        0.00

Type     Name                                                                          # reqs      # fails |    Avg     Min     Max    Med |   req/s  failures/s
--------|----------------------------------------------------------------------------|-------|-------------|-------|-------|-------|-------|--------|-----------
Kafka    Produce_Ad_Log                                                                164444 64444(39.19%) |      0       0       0      0 | 9919.40        0.00
--------|----------------------------------------------------------------------------|-------|-------------|-------|-------|-------|-------|--------|-----------
         Aggregated                                                                    164444 64444(39.19%) |      0       0       0      0 | 9919.40        0.00

Type     Name                                                                          # reqs      # fails |    Avg     Min     Max    Med |   req/s  failures/s
--------|----------------------------------------------------------------------------|-------|-------------|-------|-------|-------|-------|--------|-----------
Kafka    Produce_Ad_Log                                                                215044 115044(53.50%) |      0       0       0      0 | 14892.40     4892.40
--------|----------------------------------------------------------------------------|-------|-------------|-------|-------|-------|-------|--------|-----------
         Aggregated                                                                    215044 115044(53.50%) |      0       0       0      0 | 14892.40     4892.40

[2026-06-25 06:22:56,624] main-instance/WARNING/root: CPU usage above 90%! This may constrain your throughput and may even give inconsistent response time measurements! See https://docs.locust.io/en/stable/running-distributed.html for how to distribute the load over multiple CPU cores or machines
Type     Name                                                                          # reqs      # fails |    Avg     Min     Max    Med |   req/s  failures/s
--------|----------------------------------------------------------------------------|-------|-------------|-------|-------|-------|-------|--------|-----------
Kafka    Produce_Ad_Log                                                                264594 164594(62.21%) |      0       0       1      0 | 19879.50     9879.50
--------|----------------------------------------------------------------------------|-------|-------------|-------|-------|-------|-------|--------|-----------
         Aggregated                                                                    264594 164594(62.21%) |      0       0       1      0 | 19879.50     9879.50

Type     Name                                                                          # reqs      # fails |    Avg     Min     Max    Med |   req/s  failures/s
--------|----------------------------------------------------------------------------|-------|-------------|-------|-------|-------|-------|--------|-----------
Kafka    Produce_Ad_Log                                                                317994 189294(59.53%) |      0       0       5      0 | 24929.80    14929.80
--------|----------------------------------------------------------------------------|-------|-------------|-------|-------|-------|-------|--------|-----------
         Aggregated                                                                    317994 189294(59.53%) |      0       0       5      0 | 24929.80    14929.80

Type     Name                                                                          # reqs      # fails |    Avg     Min     Max    Med |   req/s  failures/s
--------|----------------------------------------------------------------------------|-------|-------------|-------|-------|-------|-------|--------|-----------
Kafka    Produce_Ad_Log                                                                376344 189294(50.30%) |      0       0       5      0 | 25915.90    18769.50
--------|----------------------------------------------------------------------------|-------|-------------|-------|-------|-------|-------|--------|-----------
         Aggregated                                                                    376344 189294(50.30%) |      0       0       5      0 | 25915.90    18769.50

Type     Name                                                                          # reqs      # fails |    Avg     Min     Max    Med |   req/s  failures/s
--------|----------------------------------------------------------------------------|-------|-------------|-------|-------|-------|-------|--------|-----------
Kafka    Produce_Ad_Log                                                                429394 229394(53.42%) |      0       0       5      0 | 25935.60    18929.40
--------|----------------------------------------------------------------------------|-------|-------------|-------|-------|-------|-------|--------|-----------
         Aggregated                                                                    429394 229394(53.42%) |      0       0       5      0 | 25935.60    18929.40

Type     Name                                                                          # reqs      # fails |    Avg     Min     Max    Med |   req/s  failures/s
--------|----------------------------------------------------------------------------|-------|-------------|-------|-------|-------|-------|--------|-----------
Kafka    Produce_Ad_Log                                                                478144 278144(58.17%) |      0       0       5      0 | 26385.70    16385.70
--------|----------------------------------------------------------------------------|-------|-------------|-------|-------|-------|-------|--------|-----------
         Aggregated                                                                    478144 278144(58.17%) |      0       0       5      0 | 26385.70    16385.70

Type     Name                                                                          # reqs      # fails |    Avg     Min     Max    Med |   req/s  failures/s
--------|----------------------------------------------------------------------------|-------|-------------|-------|-------|-------|-------|--------|-----------
Kafka    Produce_Ad_Log                                                                527094 327094(62.06%) |      0       0       5      0 | 26310.30    16310.30
--------|----------------------------------------------------------------------------|-------|-------------|-------|-------|-------|-------|--------|-----------
         Aggregated                                                                    527094 327094(62.06%) |      0       0       5      0 | 26310.30    16310.30

[2026-06-25 06:23:06,679] main-instance/INFO/locust.runners: Shape test updating to 3000 users at 500.00 spawn rate
[2026-06-25 06:23:06,680] main-instance/WARNING/locust.runners: Your selected spawn rate is very high (>100), and this is known to sometimes cause issues. Do you really need to ramp up that fast?
[2026-06-25 06:23:06,684] main-instance/INFO/locust.runners: Ramping to 3000 users at a rate of 500.00 per second
%3|1782368587.644|FAIL|rdkafka#producer-1| [thrd:127.0.0.1:19092/bootstrap]: 127.0.0.1:19092/bootstrap: Connect to ipv4#127.0.0.1:19092 failed: Connection refused (after 0ms in state CONNECT, 74 identical error(s) suppressed)
Type     Name                                                                          # reqs      # fails |    Avg     Min     Max    Med |   req/s  failures/s
--------|----------------------------------------------------------------------------|-------|-------------|-------|-------|-------|-------|--------|-----------
Kafka    Produce_Ad_Log                                                                572493 372122(65.00%) |      0       0       5      0 | 26243.20    16243.20
--------|----------------------------------------------------------------------------|-------|-------------|-------|-------|-------|-------|--------|-----------
         Aggregated                                                                    572493 372122(65.00%) |      0       0       5      0 | 26243.20    16243.20

Type     Name                                                                          # reqs      # fails |    Avg     Min     Max    Med |   req/s  failures/s
--------|----------------------------------------------------------------------------|-------|-------------|-------|-------|-------|-------|--------|-----------
Kafka    Produce_Ad_Log                                                                627343 372122(59.32%) |      0       0       6      0 | 25911.30    17014.80
--------|----------------------------------------------------------------------------|-------|-------------|-------|-------|-------|-------|--------|-----------
         Aggregated                                                                    627343 372122(59.32%) |      0       0       6      0 | 25911.30    17014.80

[2026-06-25 06:23:11,710] main-instance/INFO/locust.runners: All users spawned: {"KafkaUser": 3000} (3000 total users)
Type     Name                                                                          # reqs      # fails |    Avg     Min     Max    Med |   req/s  failures/s
--------|----------------------------------------------------------------------------|-------|-------------|-------|-------|-------|-------|--------|-----------
Kafka    Produce_Ad_Log                                                                680892 380892(55.94%) |      0       0       6      0 | 25037.00    18282.80
--------|----------------------------------------------------------------------------|-------|-------------|-------|-------|-------|-------|--------|-----------
         Aggregated                                                                    680892 380892(55.94%) |      0       0       6      0 | 25037.00    18282.80

Type     Name                                                                          # reqs      # fails |    Avg     Min     Max    Med |   req/s  failures/s
--------|----------------------------------------------------------------------------|-------|-------------|-------|-------|-------|-------|--------|-----------
Kafka    Produce_Ad_Log                                                                728142 428142(58.80%) |      0       0       6      0 | 25116.30    15934.10
--------|----------------------------------------------------------------------------|-------|-------------|-------|-------|-------|-------|--------|-----------
         Aggregated                                                                    728142 428142(58.80%) |      0       0       6      0 | 25116.30    15934.10

Type     Name                                                                          # reqs      # fails |    Avg     Min     Max    Med |   req/s  failures/s
--------|----------------------------------------------------------------------------|-------|-------------|-------|-------|-------|-------|--------|-----------
Kafka    Produce_Ad_Log                                                                775342 475342(61.31%) |      0       0       6      0 | 25004.40    15004.40
--------|----------------------------------------------------------------------------|-------|-------------|-------|-------|-------|-------|--------|-----------
         Aggregated                                                                    775342 475342(61.31%) |      0       0       6      0 | 25004.40    15004.40

Type     Name                                                                          # reqs      # fails |    Avg     Min     Max    Med |   req/s  failures/s
--------|----------------------------------------------------------------------------|-------|-------------|-------|-------|-------|-------|--------|-----------
Kafka    Produce_Ad_Log                                                                822892 522192(63.46%) |      0       0       6      0 | 24785.60    14785.60
--------|----------------------------------------------------------------------------|-------|-------------|-------|-------|-------|-------|--------|-----------
         Aggregated                                                                    822892 522192(63.46%) |      0       0       6      0 | 24785.60    14785.60

Type     Name                                                                          # reqs      # fails |    Avg     Min     Max    Med |   req/s  failures/s
--------|----------------------------------------------------------------------------|-------|-------------|-------|-------|-------|-------|--------|-----------
Kafka    Produce_Ad_Log                                                                872842 545185(62.46%) |      0       0       6      0 | 24813.60    14813.60
--------|----------------------------------------------------------------------------|-------|-------------|-------|-------|-------|-------|--------|-----------
         Aggregated                                                                    872842 545185(62.46%) |      0       0       6      0 | 24813.60    14813.60

Type     Name                                                                          # reqs      # fails |    Avg     Min     Max    Med |   req/s  failures/s
--------|----------------------------------------------------------------------------|-------|-------------|-------|-------|-------|-------|--------|-----------
Kafka    Produce_Ad_Log                                                                928442 545265(58.73%) |      0       0       6      0 | 24529.80    17289.50
--------|----------------------------------------------------------------------------|-------|-------------|-------|-------|-------|-------|--------|-----------
         Aggregated                                                                    928442 545265(58.73%) |      0       0       6      0 | 24529.80    17289.50

Type     Name                                                                          # reqs      # fails |    Avg     Min     Max    Med |   req/s  failures/s
--------|----------------------------------------------------------------------------|-------|-------------|-------|-------|-------|-------|--------|-----------
Kafka    Produce_Ad_Log                                                                978842 578842(59.14%) |      0       0       6      0 | 24514.60    17314.30
--------|----------------------------------------------------------------------------|-------|-------------|-------|-------|-------|-------|--------|-----------
         Aggregated                                                                    978842 578842(59.14%) |      0       0       6      0 | 24514.60    17314.30

Type     Name                                                                          # reqs      # fails |    Avg     Min     Max    Med |   req/s  failures/s
--------|----------------------------------------------------------------------------|-------|-------------|-------|-------|-------|-------|--------|-----------
Kafka    Produce_Ad_Log                                                               1025542 625542(61.00%) |      0       0       6      0 | 25017.90    15017.90
--------|----------------------------------------------------------------------------|-------|-------------|-------|-------|-------|-------|--------|-----------
         Aggregated                                                                   1025542 625542(61.00%) |      0       0       6      0 | 25017.90    15017.90

Type     Name                                                                          # reqs      # fails |    Avg     Min     Max    Med |   req/s  failures/s
--------|----------------------------------------------------------------------------|-------|-------------|-------|-------|-------|-------|--------|-----------
Kafka    Produce_Ad_Log                                                               1071642 671045(62.62%) |      0       0       6      0 | 24937.80    14937.80
--------|----------------------------------------------------------------------------|-------|-------------|-------|-------|-------|-------|--------|-----------
         Aggregated                                                                   1071642 671045(62.62%) |      0       0       6      0 | 24937.80    14937.80

Type     Name                                                                          # reqs      # fails |    Avg     Min     Max    Med |   req/s  failures/s
--------|----------------------------------------------------------------------------|-------|-------------|-------|-------|-------|-------|--------|-----------
Kafka    Produce_Ad_Log                                                               1117342 716226(64.10%) |      0       0       6      0 | 24947.40    14947.40
--------|----------------------------------------------------------------------------|-------|-------------|-------|-------|-------|-------|--------|-----------
         Aggregated                                                                   1117342 716226(64.10%) |      0       0       6      0 | 24947.40    14947.40

Type     Name                                                                          # reqs      # fails |    Avg     Min     Max    Med |   req/s  failures/s
--------|----------------------------------------------------------------------------|-------|-------------|-------|-------|-------|-------|--------|-----------
Kafka    Produce_Ad_Log                                                               1172142 716936(61.16%) |      0       0       6      0 | 24672.00    15483.10
--------|----------------------------------------------------------------------------|-------|-------------|-------|-------|-------|-------|--------|-----------
         Aggregated                                                                   1172142 716936(61.16%) |      0       0       6      0 | 24672.00    15483.20

Type     Name                                                                          # reqs      # fails |    Avg     Min     Max    Med |   req/s  failures/s
--------|----------------------------------------------------------------------------|-------|-------------|-------|-------|-------|-------|--------|-----------
Kafka    Produce_Ad_Log                                                               1226642 726642(59.24%) |      0       0       6      0 | 24339.00    17167.10
--------|----------------------------------------------------------------------------|-------|-------------|-------|-------|-------|-------|--------|-----------
         Aggregated                                                                   1226642 726642(59.24%) |      0       0       6      0 | 24339.10    17167.10

Type     Name                                                                          # reqs      # fails |    Avg     Min     Max    Med |   req/s  failures/s
--------|----------------------------------------------------------------------------|-------|-------------|-------|-------|-------|-------|--------|-----------
Kafka    Produce_Ad_Log                                                               1272342 772342(60.70%) |      0       0       6      0 | 24634.50    15485.60
--------|----------------------------------------------------------------------------|-------|-------------|-------|-------|-------|-------|--------|-----------
         Aggregated                                                                   1272342 772342(60.70%) |      0       0       6      0 | 24634.60    15485.60

[2026-06-25 06:23:36,778] main-instance/INFO/locust.runners: Shape test updating to 100 users at 50.00 spawn rate
[2026-06-25 06:23:36,904] main-instance/INFO/locust.runners: Ramping to 100 users at a rate of 50.00 per second
%3|1782368617.727|FAIL|rdkafka#producer-1| [thrd:127.0.0.1:19092/bootstrap]: 127.0.0.1:19092/bootstrap: Connect to ipv4#127.0.0.1:19092 failed: Connection refused (after 0ms in state CONNECT, 90 identical error(s) suppressed)
Type     Name                                                                          # reqs      # fails |    Avg     Min     Max    Med |   req/s  failures/s
--------|----------------------------------------------------------------------------|-------|-------------|-------|-------|-------|-------|--------|-----------
Kafka    Produce_Ad_Log                                                               1318189 817629(62.03%) |      0       0       6      0 | 24710.10    14710.10
--------|----------------------------------------------------------------------------|-------|-------------|-------|-------|-------|-------|--------|-----------
         Aggregated                                                                   1318189 817629(62.03%) |      0       0       6      0 | 24710.10    14710.10

Type     Name                                                                          # reqs      # fails |    Avg     Min     Max    Med |   req/s  failures/s
--------|----------------------------------------------------------------------------|-------|-------------|-------|-------|-------|-------|--------|-----------
Kafka    Produce_Ad_Log                                                               1364087 862696(63.24%) |      0       0       6      0 | 24550.00    14550.00
--------|----------------------------------------------------------------------------|-------|-------------|-------|-------|-------|-------|--------|-----------
         Aggregated                                                                   1364087 862696(63.24%) |      0       0       6      0 | 24550.00    14550.00

Type     Name                                                                          # reqs      # fails |    Avg     Min     Max    Med |   req/s  failures/s
--------|----------------------------------------------------------------------------|-------|-------------|-------|-------|-------|-------|--------|-----------
Kafka    Produce_Ad_Log                                                               1414485 886407(62.67%) |      0       0       7      0 | 24622.80    14622.80
--------|----------------------------------------------------------------------------|-------|-------------|-------|-------|-------|-------|--------|-----------
         Aggregated                                                                   1414485 886407(62.67%) |      0       0       7      0 | 24622.80    14622.70

Type     Name                                                                          # reqs      # fails |    Avg     Min     Max    Med |   req/s  failures/s
--------|----------------------------------------------------------------------------|-------|-------------|-------|-------|-------|-------|--------|-----------
Kafka    Produce_Ad_Log                                                               1468783 886407(60.35%) |      0       0       7      0 | 24130.80    16859.00
--------|----------------------------------------------------------------------------|-------|-------------|-------|-------|-------|-------|--------|-----------
         Aggregated                                                                   1468783 886407(60.35%) |      0       0       7      0 | 24130.70    16859.00

Type     Name                                                                          # reqs      # fails |    Avg     Min     Max    Med |   req/s  failures/s
--------|----------------------------------------------------------------------------|-------|-------------|-------|-------|-------|-------|--------|-----------
Kafka    Produce_Ad_Log                                                               1517431 917431(60.46%) |      0       0       7      0 | 23971.30    16943.00
--------|----------------------------------------------------------------------------|-------|-------------|-------|-------|-------|-------|--------|-----------
         Aggregated                                                                   1517431 917431(60.46%) |      0       0       7      0 | 23971.20    16943.00

Type     Name                                                                          # reqs      # fails |    Avg     Min     Max    Med |   req/s  failures/s
--------|----------------------------------------------------------------------------|-------|-------------|-------|-------|-------|-------|--------|-----------
Kafka    Produce_Ad_Log                                                               1563129 962435(61.57%) |      0       0       7      0 | 24394.70    14394.70
--------|----------------------------------------------------------------------------|-------|-------------|-------|-------|-------|-------|--------|-----------
         Aggregated                                                                   1563129 962435(61.57%) |      0       0       7      0 | 24394.70    14394.70

Type     Name                                                                          # reqs      # fails |    Avg     Min     Max    Med |   req/s  failures/s
--------|----------------------------------------------------------------------------|-------|-------------|-------|-------|-------|-------|--------|-----------
Kafka    Produce_Ad_Log                                                               1609127 1007726(62.63%) |      0       0       7      0 | 24425.90    14425.80
--------|----------------------------------------------------------------------------|-------|-------------|-------|-------|-------|-------|--------|-----------
         Aggregated                                                                   1609127 1007726(62.63%) |      0       0       7      0 | 24425.90    14425.80

Type     Name                                                                          # reqs      # fails |    Avg     Min     Max    Med |   req/s  failures/s
--------|----------------------------------------------------------------------------|-------|-------------|-------|-------|-------|-------|--------|-----------
Kafka    Produce_Ad_Log                                                               1653875 1051948(63.61%) |      0       0       7      0 | 24408.90    14409.00
--------|----------------------------------------------------------------------------|-------|-------------|-------|-------|-------|-------|--------|-----------
         Aggregated                                                                   1653875 1051948(63.61%) |      0       0       7      0 | 24408.90    14409.00

Type     Name                                                                          # reqs      # fails |    Avg     Min     Max    Med |   req/s  failures/s
--------|----------------------------------------------------------------------------|-------|-------------|-------|-------|-------|-------|--------|-----------
Kafka    Produce_Ad_Log                                                               1707923 1052752(61.64%) |      0       0       7      0 | 24284.30    14918.80
--------|----------------------------------------------------------------------------|-------|-------------|-------|-------|-------|-------|--------|-----------
         Aggregated                                                                   1707923 1052752(61.64%) |      0       0       7      0 | 24284.30    14918.80

Type     Name                                                                          # reqs      # fails |    Avg     Min     Max    Med |   req/s  failures/s
--------|----------------------------------------------------------------------------|-------|-------------|-------|-------|-------|-------|--------|-----------
Kafka    Produce_Ad_Log                                                               1760321 1060321(60.23%) |      0       0       7      0 | 23875.30    16634.50
--------|----------------------------------------------------------------------------|-------|-------------|-------|-------|-------|-------|--------|-----------
         Aggregated                                                                   1760321 1060321(60.23%) |      0       0       7      0 | 23875.30    16634.50

Type     Name                                                                          # reqs      # fails |    Avg     Min     Max    Med |   req/s  failures/s
--------|----------------------------------------------------------------------------|-------|-------------|-------|-------|-------|-------|--------|-----------
Kafka    Produce_Ad_Log                                                               1806219 1105504(61.21%) |      0       0       7      0 | 24003.10    15274.00
--------|----------------------------------------------------------------------------|-------|-------------|-------|-------|-------|-------|--------|-----------
         Aggregated                                                                   1806219 1105504(61.21%) |      0       0       7      0 | 24003.10    15274.00

Type     Name                                                                          # reqs      # fails |    Avg     Min     Max    Med |   req/s  failures/s
--------|----------------------------------------------------------------------------|-------|-------------|-------|-------|-------|-------|--------|-----------
Kafka    Produce_Ad_Log                                                               1852567 1151102(62.14%) |      0       0       7      0 | 24198.00    14198.10
--------|----------------------------------------------------------------------------|-------|-------------|-------|-------|-------|-------|--------|-----------
         Aggregated                                                                   1852567 1151102(62.14%) |      0       0       7      0 | 24198.00    14198.10

Type     Name                                                                          # reqs      # fails |    Avg     Min     Max    Med |   req/s  failures/s
--------|----------------------------------------------------------------------------|-------|-------------|-------|-------|-------|-------|--------|-----------
Kafka    Produce_Ad_Log                                                               1899865 1197549(63.03%) |      0       0       7      0 | 24236.40    14236.40
--------|----------------------------------------------------------------------------|-------|-------------|-------|-------|-------|-------|--------|-----------
         Aggregated                                                                   1899865 1197549(63.03%) |      0       0       7      0 | 24236.40    14236.40

Type     Name                                                                          # reqs      # fails |    Avg     Min     Max    Med |   req/s  failures/s
--------|----------------------------------------------------------------------------|-------|-------------|-------|-------|-------|-------|--------|-----------
Kafka    Produce_Ad_Log                                                               1949313 1220812(62.63%) |      0       0       7      0 | 24393.00    14393.00
--------|----------------------------------------------------------------------------|-------|-------------|-------|-------|-------|-------|--------|-----------
         Aggregated                                                                   1949313 1220812(62.63%) |      0       0       7      0 | 24393.00    14393.00

Type     Name                                                                          # reqs      # fails |    Avg     Min     Max    Med |   req/s  failures/s
--------|----------------------------------------------------------------------------|-------|-------------|-------|-------|-------|-------|--------|-----------
Kafka    Produce_Ad_Log                                                               2004361 1222244(60.98%) |      0       0       7      0 | 24031.60    16676.30
--------|----------------------------------------------------------------------------|-------|-------------|-------|-------|-------|-------|--------|-----------
         Aggregated                                                                   2004361 1222244(60.98%) |      0       0       7      0 | 24031.60    16676.30

%3|1782368647.819|FAIL|rdkafka#producer-1| [thrd:127.0.0.1:19092/bootstrap]: 127.0.0.1:19092/bootstrap: Connect to ipv4#127.0.0.1:19092 failed: Connection refused (after 0ms in state CONNECT, 90 identical error(s) suppressed)
[2026-06-25 06:24:17,847] main-instance/INFO/locust.runners: Shape test stopping
Type     Name                                                                          # reqs      # fails |    Avg     Min     Max    Med |   req/s  failures/s
--------|----------------------------------------------------------------------------|-------|-------------|-------|-------|-------|-------|--------|-----------
Kafka    Produce_Ad_Log                                                               2005611 1222244(60.94%) |      0       0       7      0 | 5145.40      143.20
--------|----------------------------------------------------------------------------|-------|-------------|-------|-------|-------|-------|--------|-----------
         Aggregated                                                                   2005611 1222244(60.94%) |      0       0       7      0 | 5145.40      143.20

[2026-06-25 06:24:17,938] main-instance/ERROR/locust.runners: While stopping users, we encountered a user that didn't have proper args <Greenlet "Greenlet-399" at 0x7f6bed22f6a0: _run>
[2026-06-25 06:24:17,939] main-instance/ERROR/locust.runners: While stopping users, we encountered a user that didn't have proper args <Greenlet "Greenlet-398" at 0x7f6bed24f6a0: _run>
[2026-06-25 06:24:17,939] main-instance/ERROR/locust.runners: While stopping users, we encountered a user that didn't have proper args <Greenlet "Greenlet-397" at 0x7f6bece6f6a0: _run>
[2026-06-25 06:24:17,939] main-instance/ERROR/locust.runners: While stopping users, we encountered a user that didn't have proper args <Greenlet "Greenlet-396" at 0x7f6bd7c6f6a0: _run>
[2026-06-25 06:24:17,939] main-instance/ERROR/locust.runners: While stopping users, we encountered a user that didn't have proper args <Greenlet "Greenlet-395" at 0x7f6bd756f6a0: _run>
[2026-06-25 06:24:17,939] main-instance/ERROR/locust.runners: While stopping users, we encountered a user that didn't have proper args <Greenlet "Greenlet-394" at 0x7f6bd75af6a0: _run>
[2026-06-25 06:24:17,939] main-instance/ERROR/locust.runners: While stopping users, we encountered a user that didn't have proper args <Greenlet "Greenlet-393" at 0x7f6bd75ef6a0: _run>
[2026-06-25 06:24:17,939] main-instance/ERROR/locust.runners: While stopping users, we encountered a user that didn't have proper args <Greenlet "Greenlet-392" at 0x7f6bd720f740: _run>
[2026-06-25 06:24:17,939] main-instance/ERROR/locust.runners: While stopping users, we encountered a user that didn't have proper args <Greenlet "Greenlet-391" at 0x7f6bece2f7e0: _run>
[2026-06-25 06:24:17,939] main-instance/ERROR/locust.runners: While stopping users, we encountered a user that didn't have proper args <Greenlet "Greenlet-390" at 0x7f6bed22f7e0: _run>
[2026-06-25 06:24:17,939] main-instance/ERROR/locust.runners: While stopping users, we encountered a user that didn't have proper args <Greenlet "Greenlet-389" at 0x7f6bed24f7e0: _run>
[2026-06-25 06:24:17,939] main-instance/ERROR/locust.runners: While stopping users, we encountered a user that didn't have proper args <Greenlet "Greenlet-388" at 0x7f6bece6f7e0: _run>
[2026-06-25 06:24:17,939] main-instance/ERROR/locust.runners: While stopping users, we encountered a user that didn't have proper args <Greenlet "Greenlet-387" at 0x7f6bd7c6f7e0: _run>
[2026-06-25 06:24:17,939] main-instance/ERROR/locust.runners: While stopping users, we encountered a user that didn't have proper args <Greenlet "Greenlet-386" at 0x7f6bd756f7e0: _run>
[2026-06-25 06:24:17,939] main-instance/ERROR/locust.runners: While stopping users, we encountered a user that didn't have proper args <Greenlet "Greenlet-385" at 0x7f6bd75af7e0: _run>
[2026-06-25 06:24:17,939] main-instance/ERROR/locust.runners: While stopping users, we encountered a user that didn't have proper args <Greenlet "Greenlet-384" at 0x7f6bd75ef7e0: _run>
[2026-06-25 06:24:17,939] main-instance/ERROR/locust.runners: While stopping users, we encountered a user that didn't have proper args <Greenlet "Greenlet-383" at 0x7f6bed22f920: _run>
[2026-06-25 06:24:17,939] main-instance/ERROR/locust.runners: While stopping users, we encountered a user that didn't have proper args <Greenlet "Greenlet-382" at 0x7f6bed24f920: _run>
[2026-06-25 06:24:17,939] main-instance/ERROR/locust.runners: While stopping users, we encountered a user that didn't have proper args <Greenlet "Greenlet-381" at 0x7f6bece2f920: _run>
[2026-06-25 06:24:17,939] main-instance/ERROR/locust.runners: While stopping users, we encountered a user that didn't have proper args <Greenlet "Greenlet-380" at 0x7f6bece6f920: _run>
[2026-06-25 06:24:17,939] main-instance/ERROR/locust.runners: While stopping users, we encountered a user that didn't have proper args <Greenlet "Greenlet-379" at 0x7f6bd7c6f920: _run>
[2026-06-25 06:24:17,939] main-instance/ERROR/locust.runners: While stopping users, we encountered a user that didn't have proper args <Greenlet "Greenlet-378" at 0x7f6bd756f920: _run>
[2026-06-25 06:24:17,939] main-instance/ERROR/locust.runners: While stopping users, we encountered a user that didn't have proper args <Greenlet "Greenlet-377" at 0x7f6bd75af920: _run>
[2026-06-25 06:24:17,939] main-instance/ERROR/locust.runners: While stopping users, we encountered a user that didn't have proper args <Greenlet "Greenlet-376" at 0x7f6bd75ef920: _run>
[2026-06-25 06:24:17,939] main-instance/ERROR/locust.runners: While stopping users, we encountered a user that didn't have proper args <Greenlet "Greenlet-375" at 0x7f6bed22fa60: _run>
[2026-06-25 06:24:17,939] main-instance/ERROR/locust.runners: While stopping users, we encountered a user that didn't have proper args <Greenlet "Greenlet-374" at 0x7f6bed24fa60: _run>
[2026-06-25 06:24:17,939] main-instance/ERROR/locust.runners: While stopping users, we encountered a user that didn't have proper args <Greenlet "Greenlet-373" at 0x7f6bece2fa60: _run>
[2026-06-25 06:24:17,939] main-instance/ERROR/locust.runners: While stopping users, we encountered a user that didn't have proper args <Greenlet "Greenlet-372" at 0x7f6bece6fa60: _run>
[2026-06-25 06:24:17,939] main-instance/ERROR/locust.runners: While stopping users, we encountered a user that didn't have proper args <Greenlet "Greenlet-371" at 0x7f6bd7c6fa60: _run>
[2026-06-25 06:24:17,939] main-instance/ERROR/locust.runners: While stopping users, we encountered a user that didn't have proper args <Greenlet "Greenlet-370" at 0x7f6bd756fa60: _run>
[2026-06-25 06:24:17,940] main-instance/ERROR/locust.runners: While stopping users, we encountered a user that didn't have proper args <Greenlet "Greenlet-369" at 0x7f6bd75afa60: _run>
[2026-06-25 06:24:17,940] main-instance/ERROR/locust.runners: While stopping users, we encountered a user that didn't have proper args <Greenlet "Greenlet-368" at 0x7f6bd75d9c60: _run>
[2026-06-25 06:24:17,940] main-instance/ERROR/locust.runners: While stopping users, we encountered a user that didn't have proper args <Greenlet "Greenlet-367" at 0x7f6bd75efa60: _run>
[2026-06-25 06:24:17,940] main-instance/ERROR/locust.runners: While stopping users, we encountered a user that didn't have proper args <Greenlet "Greenlet-366" at 0x7f6bece2fba0: _run>
[2026-06-25 06:24:17,940] main-instance/ERROR/locust.runners: While stopping users, we encountered a user that didn't have proper args <Greenlet "Greenlet-365" at 0x7f6bed22fba0: _run>
[2026-06-25 06:24:17,940] main-instance/ERROR/locust.runners: While stopping users, we encountered a user that didn't have proper args <Greenlet "Greenlet-364" at 0x7f6bed24fba0: _run>
[2026-06-25 06:24:17,940] main-instance/ERROR/locust.runners: While stopping users, we encountered a user that didn't have proper args <Greenlet "Greenlet-363" at 0x7f6bece6fba0: _run>
[2026-06-25 06:24:17,940] main-instance/ERROR/locust.runners: While stopping users, we encountered a user that didn't have proper args <Greenlet "Greenlet-362" at 0x7f6bd7c6fba0: _run>
[2026-06-25 06:24:17,940] main-instance/ERROR/locust.runners: While stopping users, we encountered a user that didn't have proper args <Greenlet "Greenlet-361" at 0x7f6bd756fba0: _run>
[2026-06-25 06:24:17,940] main-instance/ERROR/locust.runners: While stopping users, we encountered a user that didn't have proper args <Greenlet "Greenlet-360" at 0x7f6bd75afba0: _run>
[2026-06-25 06:24:17,940] main-instance/ERROR/locust.runners: While stopping users, we encountered a user that didn't have proper args <Greenlet "Greenlet-359" at 0x7f6bd75efba0: _run>
[2026-06-25 06:24:17,940] main-instance/ERROR/locust.runners: While stopping users, we encountered a user that didn't have proper args <Greenlet "Greenlet-358" at 0x7f6bece2fce0: _run>
[2026-06-25 06:24:17,940] main-instance/ERROR/locust.runners: While stopping users, we encountered a user that didn't have proper args <Greenlet "Greenlet-357" at 0x7f6bed22fce0: _run>
[2026-06-25 06:24:17,940] main-instance/ERROR/locust.runners: While stopping users, we encountered a user that didn't have proper args <Greenlet "Greenlet-356" at 0x7f6bed24fce0: _run>
[2026-06-25 06:24:17,940] main-instance/ERROR/locust.runners: While stopping users, we encountered a user that didn't have proper args <Greenlet "Greenlet-355" at 0x7f6bece6fce0: _run>
[2026-06-25 06:24:17,940] main-instance/ERROR/locust.runners: While stopping users, we encountered a user that didn't have proper args <Greenlet "Greenlet-354" at 0x7f6bd7c6fce0: _run>
[2026-06-25 06:24:17,940] main-instance/ERROR/locust.runners: While stopping users, we encountered a user that didn't have proper args <Greenlet "Greenlet-353" at 0x7f6bd756fce0: _run>
[2026-06-25 06:24:17,940] main-instance/ERROR/locust.runners: While stopping users, we encountered a user that didn't have proper args <Greenlet "Greenlet-352" at 0x7f6bd75afce0: _run>
[2026-06-25 06:24:17,940] main-instance/ERROR/locust.runners: While stopping users, we encountered a user that didn't have proper args <Greenlet "Greenlet-351" at 0x7f6bd75efce0: _run>
[2026-06-25 06:24:17,940] main-instance/ERROR/locust.runners: While stopping users, we encountered a user that didn't have proper args <Greenlet "Greenlet-350" at 0x7f6bed22fe20: _run>
[2026-06-25 06:24:18,081] main-instance/WARNING/locust.runners: CPU usage was too high at some point during the test! See https://docs.locust.io/en/stable/running-distributed.html for how to distribute the load over multiple CPU cores or machines
[2026-06-25 06:24:18,081] main-instance/INFO/locust.main: Shape test completed, shutting down
[2026-06-25 06:24:18,081] main-instance/INFO/locust.main: Shutting down (exit code 1)
Type     Name                                                                          # reqs      # fails |    Avg     Min     Max    Med |   req/s  failures/s
--------|----------------------------------------------------------------------------|-------|-------------|-------|-------|-------|-------|--------|-----------
Kafka    Produce_Ad_Log                                                               2008560 1222244(60.85%) |      0       0       7      0 | 19804.21    12051.21
--------|----------------------------------------------------------------------------|-------|-------------|-------|-------|-------|-------|--------|-----------
         Aggregated                                                                   2008560 1222244(60.85%) |      0       0       7      0 | 19804.21    12051.21

Response time percentiles (approximated)
Type     Name                                                                                  50%    66%    75%    80%    90%    95%    98%    99%  99.9% 99.99%   100% # reqs
--------|--------------------------------------------------------------------------------|--------|------|------|------|------|------|------|------|------|------|------|------
Kafka    Produce_Ad_Log                                                                          0      0      0      0      0      0      0      0      0      0      7 2008560
--------|--------------------------------------------------------------------------------|--------|------|------|------|------|------|------|------|------|------|------|------
         Aggregated                                                                              0      0      0      0      0      0      0      0      0      0      7 2008560

Error report
# occurrences      Error                                                                                               
------------------|---------------------------------------------------------------------------------------------------------------------------------------------
1222244            Kafka Produce_Ad_Log: BufferError('Local: Queue full')                                              
------------------|---------------------------------------------------------------------------------------------------------------------------------------------

